Material intelligence
Safe rich text.
—
NEED HELP? customer@grbpwr.com
FAQ: https://grbpwr.com/faq · AFTER-SALE SERVICES: https://grbpwr.com/aftersale-services
If you no longer wish to receive email updates, unsubscribe: https://grbpwr.com/unsubscribe/golden
GRBPWR LIMITED · 167–169 GREAT PORTLAND STREET, LONDON W1W 5PF · NO.17015705